// Jest Snapshot v1, https://goo.gl/fbAQLP

exports[`<EpisodesPage /> renders without crashing 1`] = `
<section
  id="episodesList"
>
  <Episode
    id="films.1"
    image="https://m.media-amazon.com/images/I/81r+LN-YReL._SS500_.jpg"
    openingCrawl="It is a period of civil war.Rebel spaceships, strikingfrom a hidden base, have wontheir first victory againstthe evil Galactic Empire.During the battle, Rebelspies managed to steal secretplans to the Empires ultimate weapon, the DEATHSTAR, an armored spacestation with enough powerto destroy an entire planet.Pursued by the Empires sinister agents, PrincessLeia races home aboard herstarship, custodian of thestolen plans that can save herpeople and restorefreedom to the galaxy..."
    title="A New Hope"
  />
</section>
`;
